# Tests adding of edges by attempting to add
# multiple edges
Created graph F
Added node one to F
Added node two to F
Added edge e12 to F
Could not add edge e12 to F
ListNodes of F output: one two
ListChildren of one in F output: two
ListChildren of two in F output: