# Tests listing of children of a missing parent node
Created graph C
one does not exist in graph C