# Tests the method listChildren of DLGraph by adding a
# node with multiple children
created graph A
added node one to A
added node two to A
added node three to A
added edge e12 from one to two in A
added edge e13 from one to three in A
the children of one in A are: three(e13) two(e12)
the children of two in A are:
the children of three in A are: