# Tests adding duplicate nodes to a graph
Created graph B
Added node one to B
Added node two to B
Could not add node two to B
ListNodes of B output: one two