# Tests adding three nodes to a directed graph
Created graph A
Added node one to A
Added node two to A
Added node three to A
ListNodes of A output: one three two
