# Tests listNodes method on an empty graph
Created graph B
ListNodes of B output:
