# Tests adding of edges by using two nodes
# that point to each other
Created graph B
Added node one to B
Added node two to B
Added edge e12 to B
Added edge e21 to B
ListNodes of B output: one two
the children of one in B are: two(e12)
the children of two in B are: one(e21)