# Tests construction of the DLGraph object with multiple objects created
Created graph A
ListNodes of A output:
Created graph B
ListNodes of B output: