# Tests adding of edges by using two nodes
# that are in a line
Created graph C
Added node one to C
Added node two to C
Added edge e12 to C
ListNodes of C output: one two
the children of one in C are: two(e12)
the children of two in C are: