Created graph B
Added node one to B
Added node two to B
Added node three to B
Added edge e12 to B
Added edge e32 to B
Label of one and two in B output: e12
Label of three and two in B output: e32