# Tests the method getLabel in DLGraph by adding nodes
# and edges to a graph and checking if the label returned
# is correct
Created graph A
Added node one to A
Added node two to A
Added node three to A
Added edge e12 to A
Added edge e13 to A
Label of two and three does not exist in A
Label of one and Two does not exist in A
